
User@DESKTOP-FOASM6G MINGW64 ~ (master)
$ echo "# ironsimon" >> README.md

User@DESKTOP-FOASM6G MINGW64 ~ (master)
$ git init
Reinitialized existing Git repository in C:/Users/User/.git/

User@DESKTOP-FOASM6G MINGW64 ~ (master)
$ git add README.md
warning: LF will be replaced by CRLF in README.md.
The file will have its original line endings in your working directory

User@DESKTOP-FOASM6G MINGW64 ~ (master)
$ git commit -m "first commit"
[master (root-commit) 9885407] first commit
 1 file changed, 1 insertion(+)
 create mode 100644 README.md

User@DESKTOP-FOASM6G MINGW64 ~ (master)
$ git branch -M main

User@DESKTOP-FOASM6G MINGW64 ~ (main)
$ git remote add origin https://github.com/sforbrig/ironsimon.git

User@DESKTOP-FOASM6G MINGW64 ~ (main)
$ git push -u origin main
Enumerating objects: 3, done.
Counting objects: 100% (3/3), done.
Writing objects: 100% (3/3), 227 bytes | 227.00 KiB/s, done.
Total 3 (delta 0), reused 0 (delta 0), pack-reused 0
To https://github.com/sforbrig/ironsimon.git
 * [new branch]      main -> main
branch 'main' set up to track 'origin/main'.

User@DESKTOP-FOASM6G MINGW64 ~ (main)
$ git clone https://github.com/sforbrig/ironsimon.git
Cloning into 'ironsimon'...
remote: Enumerating objects: 3, done.
remote: Counting objects: 100% (3/3), done.
remote: Total 3 (delta 0), reused 3 (delta 0), pack-reused 0
Receiving objects: 100% (3/3), done.

User@DESKTOP-FOASM6G MINGW64 ~ (main)
$ cd IH-Labs

User@DESKTOP-FOASM6G MINGW64 ~/IH-Labs (master)
$ cd ironsimon
bash: cd: ironsimon: No such file or directory

User@DESKTOP-FOASM6G MINGW64 ~/IH-Labs (master)
$ cd Ironsimon
bash: cd: Ironsimon: No such file or directory

User@DESKTOP-FOASM6G MINGW64 ~/IH-Labs (master)
$ mkdir ironsimon

User@DESKTOP-FOASM6G MINGW64 ~/IH-Labs (master)
$ cd ironsimon

User@DESKTOP-FOASM6G MINGW64 ~/IH-Labs/ironsimon (master)
$ git clone https://github.com/sforbrig/ironsimon.git
Cloning into 'ironsimon'...
remote: Enumerating objects: 3, done.
remote: Counting objects: 100% (3/3), done.
remote: Total 3 (delta 0), reused 3 (delta 0), pack-reused 0
Receiving objects: 100% (3/3), done.

User@DESKTOP-FOASM6G MINGW64 ~/IH-Labs/ironsimon (master)
$ touch about.txt

User@DESKTOP-FOASM6G MINGW64 ~/IH-Labs/ironsimon (master)
$ ^C

User@DESKTOP-FOASM6G MINGW64 ~/IH-Labs/ironsimon (main)
$ touch about.txt

User@DESKTOP-FOASM6G MINGW64 ~/IH-Labs/ironsimon (main)
$ touch about.txt TEST

User@DESKTOP-FOASM6G MINGW64 ~/IH-Labs/ironsimon (main)
$ git push
To https://github.com/sforbrig/ironsimon.git
 ! [rejected]        main -> main (fetch first)
error: failed to push some refs to 'https://github.com/sforbrig/ironsimon.git'
hint: Updates were rejected because the remote contains work that you do
hint: not have locally. This is usually caused by another repository pushing
hint: to the same ref. You may want to first integrate the remote changes
hint: (e.g., 'git pull ...') before pushing again.
hint: See the 'Note about fast-forwards' in 'git push --help' for details.

User@DESKTOP-FOASM6G MINGW64 ~/IH-Labs/ironsimon (main)
$ git push https://github.com/sforbrig/ironsimon.git
To https://github.com/sforbrig/ironsimon.git
 ! [rejected]        main -> main (fetch first)
error: failed to push some refs to 'https://github.com/sforbrig/ironsimon.git'
hint: Updates were rejected because the remote contains work that you do
hint: not have locally. This is usually caused by another repository pushing
hint: to the same ref. You may want to first integrate the remote changes
hint: (e.g., 'git pull ...') before pushing again.
hint: See the 'Note about fast-forwards' in 'git push --help' for details.

User@DESKTOP-FOASM6G MINGW64 ~/IH-Labs/ironsimon (main)
$ cd..
bash: cd..: command not found

User@DESKTOP-FOASM6G MINGW64 ~/IH-Labs/ironsimon (main)
$ cd ..

User@DESKTOP-FOASM6G MINGW64 ~/IH-Labs (master)
$ git push https://github.com/sforbrig/ironsimon.git
error: src refspec refs/heads/master does not match any
error: failed to push some refs to 'https://github.com/sforbrig/ironsimon.git'

User@DESKTOP-FOASM6G MINGW64 ~/IH-Labs (master)
$ git add .
warning: adding embedded git repository: ironsimon
hint: You've added another git repository inside your current repository.
hint: Clones of the outer repository will not contain the contents of
hint: the embedded repository and will not know how to obtain it.
hint: If you meant to add a submodule, use:
hint:
hint:   git submodule add <url> ironsimon
hint:
hint: If you added this path by mistake, you can remove it from the
hint: index with:
hint:
hint:   git rm --cached ironsimon
hint:
hint: See "git help submodule" for more information.
warning: adding embedded git repository: lab-bash

User@DESKTOP-FOASM6G MINGW64 ~/IH-Labs (master)
$ git rm --cached ironsimon
error: the following file has staged content different from both the
file and the HEAD:
    ironsimon
(use -f to force removal)

User@DESKTOP-FOASM6G MINGW64 ~/IH-Labs (master)
$ git rm --cached ironsimon -f
rm 'ironsimon'

User@DESKTOP-FOASM6G MINGW64 ~/IH-Labs (master)
$ git rm --cached lab-bash -f
rm 'lab-bash'

User@DESKTOP-FOASM6G MINGW64 ~/IH-Labs (master)
$ cd ironsimon

User@DESKTOP-FOASM6G MINGW64 ~/IH-Labs/ironsimon (main)
$ ls -a
./  ../  .git/  README.md  about.txt

User@DESKTOP-FOASM6G MINGW64 ~/IH-Labs/ironsimon (main)
$ git add .

User@DESKTOP-FOASM6G MINGW64 ~/IH-Labs/ironsimon (main)
$ git commit -m
error: switch `m' requires a value

User@DESKTOP-FOASM6G MINGW64 ~/IH-Labs/ironsimon (main)
$ git commit -m 'test'
[main ca02899] test
 1 file changed, 2 insertions(+)
 create mode 100644 about.txt

User@DESKTOP-FOASM6G MINGW64 ~/IH-Labs/ironsimon (main)
$ git push
To https://github.com/sforbrig/ironsimon.git
 ! [rejected]        main -> main (fetch first)
error: failed to push some refs to 'https://github.com/sforbrig/ironsimon.git'
hint: Updates were rejected because the remote contains work that you do
hint: not have locally. This is usually caused by another repository pushing
hint: to the same ref. You may want to first integrate the remote changes
hint: (e.g., 'git pull ...') before pushing again.
hint: See the 'Note about fast-forwards' in 'git push --help' for details.

User@DESKTOP-FOASM6G MINGW64 ~/IH-Labs/ironsimon (main)
$ git pull
remote: Enumerating objects: 4, done.
remote: Counting objects: 100% (4/4), done.
remote: Compressing objects: 100% (2/2), done.
remote: Total 3 (delta 0), reused 0 (delta 0), pack-reused 0
Unpacking objects: 100% (3/3), 671 bytes | 67.00 KiB/s, done.
From https://github.com/sforbrig/ironsimon
   9885407..7e431e2  main       -> origin/main
Auto-merging about.txt
CONFLICT (add/add): Merge conflict in about.txt
Automatic merge failed; fix conflicts and then commit the result.

User@DESKTOP-FOASM6G MINGW64 ~/IH-Labs/ironsimon (main|MERGING)
$ git push
To https://github.com/sforbrig/ironsimon.git
 ! [rejected]        main -> main (non-fast-forward)
error: failed to push some refs to 'https://github.com/sforbrig/ironsimon.git'
hint: Updates were rejected because the tip of your current branch is behind
hint: its remote counterpart. Integrate the remote changes (e.g.
hint: 'git pull ...') before pushing again.
hint: See the 'Note about fast-forwards' in 'git push --help' for details.

User@DESKTOP-FOASM6G MINGW64 ~/IH-Labs/ironsimon (main|MERGING)
$ git add .

User@DESKTOP-FOASM6G MINGW64 ~/IH-Labs/ironsimon (main|MERGING)
$ git commit
[main 8e550a1] Merge branch 'main' of https://github.com/sforbrig/ironsimon

User@DESKTOP-FOASM6G MINGW64 ~/IH-Labs/ironsimon (main)
$ git push
Enumerating objects: 9, done.
Counting objects: 100% (9/9), done.
Delta compression using up to 8 threads
Compressing objects: 100% (4/4), done.
Writing objects: 100% (6/6), 623 bytes | 623.00 KiB/s, done.
Total 6 (delta 0), reused 0 (delta 0), pack-reused 0
To https://github.com/sforbrig/ironsimon.git
   7e431e2..8e550a1  main -> main

User@DESKTOP-FOASM6G MINGW64 ~/IH-Labs/ironsimon (main)
$ git add .

User@DESKTOP-FOASM6G MINGW64 ~/IH-Labs/ironsimon (main)
$ git commit 'changes in about'
error: pathspec 'changes in about' did not match any file(s) known to git

User@DESKTOP-FOASM6G MINGW64 ~/IH-Labs/ironsimon (main)
$ git commit
Aborting commit due to empty commit message.

User@DESKTOP-FOASM6G MINGW64 ~/IH-Labs/ironsimon (main)
$ git push
Everything up-to-date

User@DESKTOP-FOASM6G MINGW64 ~/IH-Labs/ironsimon (main)
$ git add .

User@DESKTOP-FOASM6G MINGW64 ~/IH-Labs/ironsimon (main)
$ git commit -m "changes in about"
[main 49a44a3] changes in about
 1 file changed, 1 insertion(+)

User@DESKTOP-FOASM6G MINGW64 ~/IH-Labs/ironsimon (main)
$ git push
Enumerating objects: 5, done.
Counting objects: 100% (5/5), done.
Delta compression using up to 8 threads
Compressing objects: 100% (2/2), done.
Writing objects: 100% (3/3), 316 bytes | 316.00 KiB/s, done.
Total 3 (delta 0), reused 0 (delta 0), pack-reused 0
To https://github.com/sforbrig/ironsimon.git
   8e550a1..49a44a3  main -> main

User@DESKTOP-FOASM6G MINGW64 ~/IH-Labs/ironsimon (main)
$ git pull
remote: Enumerating objects: 5, done.
remote: Counting objects: 100% (5/5), done.
remote: Compressing objects: 100% (3/3), done.
remote: Total 3 (delta 0), reused 0 (delta 0), pack-reused 0
Unpacking objects: 100% (3/3), 707 bytes | 64.00 KiB/s, done.
From https://github.com/sforbrig/ironsimon
   49a44a3..398dd8f  main       -> origin/main
Updating 49a44a3..398dd8f
Fast-forward
 about.txt | 2 +-
 1 file changed, 1 insertion(+), 1 deletion(-)

User@DESKTOP-FOASM6G MINGW64 ~/IH-Labs/ironsimon (main)
$ ^C

User@DESKTOP-FOASM6G MINGW64 ~/IH-Labs/ironsimon (main)
$ cd ..

User@DESKTOP-FOASM6G MINGW64 ~/IH-Labs (master)
$ git clone https://github.com/phenomenonnk/ironnikos.git
Cloning into 'ironnikos'...
remote: Enumerating objects: 17, done.
remote: Counting objects: 100% (17/17), done.
remote: Compressing objects: 100% (10/10), done.
remote: Total 17 (delta 0), reused 12 (delta 0), pack-reused 0
Receiving objects: 100% (17/17), done.

User@DESKTOP-FOASM6G MINGW64 ~/IH-Labs (master)
$ cd ironnikos

User@DESKTOP-FOASM6G MINGW64 ~/IH-Labs/ironnikos (main)
$ mkdir classmate

User@DESKTOP-FOASM6G MINGW64 ~/IH-Labs/ironnikos (main)
$ cd classmate

User@DESKTOP-FOASM6G MINGW64 ~/IH-Labs/ironnikos/classmate (main)
$ touch simon.txt "I enrolled Ironhack's Data Analytics bootcamp because life ist to short for bs work"

User@DESKTOP-FOASM6G MINGW64 ~/IH-Labs/ironnikos/classmate (main)
$ ^C

User@DESKTOP-FOASM6G MINGW64 ~/IH-Labs/ironnikos/classmate (main)
$ cd ironikos
bash: cd: ironikos: No such file or directory

User@DESKTOP-FOASM6G MINGW64 ~/IH-Labs/ironnikos/classmate (main)
$ cd ..

User@DESKTOP-FOASM6G MINGW64 ~/IH-Labs/ironnikos (main)
$ git add .

User@DESKTOP-FOASM6G MINGW64 ~/IH-Labs/ironnikos (main)
$ git comment -m "new doc as txt in classmate"
git: 'comment' is not a git command. See 'git --help'.

The most similar command is
        commit

User@DESKTOP-FOASM6G MINGW64 ~/IH-Labs/ironnikos (main)
$ git commit -m "new doc as txt in fold classmate"
[main d13ebee] new doc as txt in fold classmate
 1 file changed, 1 insertion(+)
 create mode 100644 classmate/simon.txt

User@DESKTOP-FOASM6G MINGW64 ~/IH-Labs/ironnikos (main)
$ git push
remote: Permission to phenomenonnk/ironnikos.git denied to sforbrig.
fatal: unable to access 'https://github.com/phenomenonnk/ironnikos.git/': The requested URL returned error: 403

User@DESKTOP-FOASM6G MINGW64 ~/IH-Labs/ironnikos (main)
$ git add https://github.com/sforbrig/ironnikos.git
fatal: pathspec 'https://github.com/sforbrig/ironnikos.git' did not match any files

User@DESKTOP-FOASM6G MINGW64 ~/IH-Labs/ironnikos (main)
$ git add .

User@DESKTOP-FOASM6G MINGW64 ~/IH-Labs/ironnikos (main)
$ git remote add origin https://github.com/sforbrig/ironnikos.git
error: remote origin already exists.

User@DESKTOP-FOASM6G MINGW64 ~/IH-Labs/ironnikos (main)
$ git remote https://github.com/sforbrig/ironnikos.git
error: Unknown subcommand: https://github.com/sforbrig/ironnikos.git
usage: git remote [-v | --verbose]
   or: git remote add [-t <branch>] [-m <master>] [-f] [--tags | --no-tags] [--mirror=<fetch|push>] <name> <url>
   or: git remote rename <old> <new>
   or: git remote remove <name>
   or: git remote set-head <name> (-a | --auto | -d | --delete | <branch>)
   or: git remote [-v | --verbose] show [-n] <name>
   or: git remote prune [-n | --dry-run] <name>
   or: git remote [-v | --verbose] update [-p | --prune] [(<group> | <remote>)...]
   or: git remote set-branches [--add] <name> <branch>...
   or: git remote get-url [--push] [--all] <name>
   or: git remote set-url [--push] <name> <newurl> [<oldurl>]
   or: git remote set-url --add <name> <newurl>
   or: git remote set-url --delete <name> <url>

    -v, --verbose         be verbose; must be placed before a subcommand


User@DESKTOP-FOASM6G MINGW64 ~/IH-Labs/ironnikos (main)
$
